// Vitest Snapshot v1, https://vitest.dev/guide/snapshot.html

exports[`ItunesPodcastRepository > should fetch all podcast successfully 1`] = `
[
  {
    "author": "Tony Mantor",
    "description": "Nashville based veteran music producer Tony Mantor’s Almost Live… Nashville podcast takes its listener on a journey through the business of music and entertainment. Following the success and popularity of his top-rated podcast on Autism & Mental Health awareness - Why Not Me? - Mantor hosts thought-provoking conversations and behind-the-scenes stories from various celebrity guests from the world of music, television and entertainment. With more than 30 years as an accomplished music producer based in Nashville, Mantor welcomes a worldly guest list of musicians, actors and entertainers who share their unique stories about the roles they’ve played in creating and sustaining what we know as popular American culture. Conversations and stories that also give a deeper understanding on what it takes to achieve success in the entertainment industry for aspiring entertainers who are currently pursuing their own dreams of being a star someday. Whether listening for the entertainment or storytelling factor alone, or for tips on how his guests faced their life’s challenges, Almost Live… Nashville will have a story for anyone who has been a fan of popular culture in music, movies and television over the last few decades.",
    "id": 1751194045,
    "name": "'Tony Mantor's : Almost Live..... Nashville'",
  },
  {
    "author": "The Joe Budden Network",
    "description": "Tune into Joe Budden and his friends. Follow along the crazy adventures of these very random friends.",
    "id": 1535809341,
    "name": "The Joe Budden Podcast",
  },
]
`;
